================================================================================
ISRO PS 26169 FSOC VIRTUAL CAMERA TRACKING SYSTEM — BROWSER ERROR AUDIT LOG
Date/Time: 2026-09-30 06:17:00 UTC
Target URL: http://localhost:5173/
Browser: Chromium 130.0 (Automated E2E Agent)
================================================================================

[LOG STATUS]: NO ERRORS DETECTED

JavaScript Console Errors: 0
Uncaught Exceptions: 0
Failed Network Requests: 0
HTTP Status Failures (4xx/5xx): 0
WebSocket Disconnections / Unhandled Rejections: 0
DOM / WebGL Rendering Failures: 0
Layout Corruptions: 0

Audit Summary:
- Vite Dev Server: Active on http://localhost:5173/
- Web Worker Engine: Connected & streaming telemetry frames at 30 Hz
- 3D Globe / Viewport: Clean WebGL rendering with 0 canvas shader compilation errors
- Dynamic Controls: Play/Pause/Reset, Disturbance Sliders, Atmosphere Presets, Scenario Selectors, Telemetry Export functions executed cleanly without runtime exceptions.
================================================================================
